<?php declare(strict_types=1);

namespace Soyhuce\NextIdeHelper\Tests\Fixtures\Blog;

use Illuminate\Database\Eloquent\Builder;

/**
 * @method $this whereId(int|string $value)
 * @method $this whereTitle(string $value)
 * @method $this whereSubtitle(string|null $value)
 * @method $this whereContent(string $value)
 * @method $this whereUserId(int|string $value)
 * @method $this whereLikes(string $value)
 * @method $this whereAddress(string|null $value)
 * @method $this whereMetas(array|string|null $value)
 * @method $this whereCreatedAt(\Illuminate\Support\Carbon|string $value)
 * @method $this whereUpdatedAt(\Illuminate\Support\Carbon|string $value)
 * @method $this whereDeletedAt(\Illuminate\Support\Carbon|string|null $value)
 * @method \Soyhuce\NextIdeHelper\Tests\Fixtures\Blog\Post create(array $attributes = [])
 * @method \Soyhuce\NextIdeHelper\Tests\Fixtures\Blog\PostCollection|\Soyhuce\NextIdeHelper\Tests\Fixtures\Blog\Post|null find($id, array $columns = ['*'])
 * @method \Soyhuce\NextIdeHelper\Tests\Fixtures\Blog\PostCollection findMany($id, array $columns = ['*'])
 * @method \Soyhuce\NextIdeHelper\Tests\Fixtures\Blog\PostCollection|\Soyhuce\NextIdeHelper\Tests\Fixtures\Blog\Post findOrFail($id, array $columns = ['*'])
 * @method \Soyhuce\NextIdeHelper\Tests\Fixtures\Blog\Post findOrNew($id, array $columns = ['*'])
 * @method \Soyhuce\NextIdeHelper\Tests\Fixtures\Blog\Post|null first(array|string $columns = ['*'])
 * @method \Soyhuce\NextIdeHelper\Tests\Fixtures\Blog\Post firstOrCreate(array $attributes, array $values = [])
 * @method \Soyhuce\NextIdeHelper\Tests\Fixtures\Blog\Post firstOrFail(array $columns = ['*'])
 * @method \Soyhuce\NextIdeHelper\Tests\Fixtures\Blog\Post firstOrNew(array $attributes = [], array $values = [])
 * @method \Soyhuce\NextIdeHelper\Tests\Fixtures\Blog\Post forceCreate(array $attributes = [])
 * @method \Soyhuce\NextIdeHelper\Tests\Fixtures\Blog\PostCollection get(array|string $columns = ['*'])
 * @method \Soyhuce\NextIdeHelper\Tests\Fixtures\Blog\Post getModel()
 * @method \Soyhuce\NextIdeHelper\Tests\Fixtures\Blog\PostCollection getModels(array|string $columns = ['*'])
 * @method \Soyhuce\NextIdeHelper\Tests\Fixtures\Blog\Post newModelInstance(array $attributes = [])
 * @method \Soyhuce\NextIdeHelper\Tests\Fixtures\Blog\Post sole(array|string $columns = ['*'])
 * @method \Soyhuce\NextIdeHelper\Tests\Fixtures\Blog\Post updateOrCreate(array $attributes, array $values = [])
 * @method int restore()
 * @method $this withTrashed(bool $withTrashed = true)
 * @method $this withoutTrashed()
 * @method $this onlyTrashed()
 */
class PostQuery extends Builder {}
