<?php

namespace IdeHelper\Soyhuce\NextIdeHelper\Tests\Fixtures
{
    /**
     * @method $this whereId(int|string $value)
     * @method $this whereContent(string $value)
     * @method $this whereCommentableType(string $value)
     * @method $this whereCommentableId(int|string $value)
     * @method $this whereCreatedAt(\Illuminate\Support\Carbon|string $value)
     * @method $this whereUpdatedAt(\Illuminate\Support\Carbon|string $value)
     * @method \Soyhuce\NextIdeHelper\Tests\Fixtures\Comment create(array $attributes = [])
     * @method \Illuminate\Database\Eloquent\Collection<int, \Soyhuce\NextIdeHelper\Tests\Fixtures\Comment>|\Soyhuce\NextIdeHelper\Tests\Fixtures\Comment|null find($id, array $columns = ['*'])
     * @method \Illuminate\Database\Eloquent\Collection<int, \Soyhuce\NextIdeHelper\Tests\Fixtures\Comment> findMany($id, array $columns = ['*'])
     * @method \Illuminate\Database\Eloquent\Collection<int, \Soyhuce\NextIdeHelper\Tests\Fixtures\Comment>|\Soyhuce\NextIdeHelper\Tests\Fixtures\Comment findOrFail($id, array $columns = ['*'])
     * @method \Soyhuce\NextIdeHelper\Tests\Fixtures\Comment findOrNew($id, array $columns = ['*'])
     * @method \Soyhuce\NextIdeHelper\Tests\Fixtures\Comment|null first(array|string $columns = ['*'])
     * @method \Soyhuce\NextIdeHelper\Tests\Fixtures\Comment firstOrCreate(array $attributes, array $values = [])
     * @method \Soyhuce\NextIdeHelper\Tests\Fixtures\Comment firstOrFail(array $columns = ['*'])
     * @method \Soyhuce\NextIdeHelper\Tests\Fixtures\Comment firstOrNew(array $attributes = [], array $values = [])
     * @method \Soyhuce\NextIdeHelper\Tests\Fixtures\Comment forceCreate(array $attributes = [])
     * @method \Illuminate\Database\Eloquent\Collection<int, \Soyhuce\NextIdeHelper\Tests\Fixtures\Comment> get(array|string $columns = ['*'])
     * @method \Soyhuce\NextIdeHelper\Tests\Fixtures\Comment getModel()
     * @method \Illuminate\Database\Eloquent\Collection<int, \Soyhuce\NextIdeHelper\Tests\Fixtures\Comment> getModels(array|string $columns = ['*'])
     * @method \Soyhuce\NextIdeHelper\Tests\Fixtures\Comment newModelInstance(array $attributes = [])
     * @method \Soyhuce\NextIdeHelper\Tests\Fixtures\Comment sole(array|string $columns = ['*'])
     * @method \Soyhuce\NextIdeHelper\Tests\Fixtures\Comment updateOrCreate(array $attributes, array $values = [])
     * @template TModelClass of \Soyhuce\NextIdeHelper\Tests\Fixtures\Comment
     * @extends \Illuminate\Database\Eloquent\Builder<TModelClass>
     */
    class __CommentQuery extends \Illuminate\Database\Eloquent\Builder
    {
    }

    /**
     * @method $this whereId(int|string $value)
     * @method $this whereEmail(string $value)
     * @method $this wherePassword(string $value)
     * @method $this whereAddress(\Soyhuce\NextIdeHelper\Tests\Fixtures\Address|string $value)
     * @method $this whereName(string $value)
     * @method $this whereRole(\Soyhuce\NextIdeHelper\Tests\Fixtures\Role|string $value)
     * @method $this whereNullableName(string|null $value)
     * @method $this whereRememberToken(string|null $value)
     * @method $this whereCreatedAt(\Illuminate\Support\Carbon|string $value)
     * @method $this whereUpdatedAt(\Carbon\CarbonImmutable|string $value)
     * @method $this whereEmailDomain(string $domain, ?string $area = null)
     * @see project://Fixtures/User.php L77
     * @method $this whereIsAuthor()
     * @see project://Fixtures/User.php L87
     * @method \Soyhuce\NextIdeHelper\Tests\Fixtures\User create(array $attributes = [])
     * @method \Illuminate\Database\Eloquent\Collection<int, \Soyhuce\NextIdeHelper\Tests\Fixtures\User>|\Soyhuce\NextIdeHelper\Tests\Fixtures\User|null find($id, array $columns = ['*'])
     * @method \Illuminate\Database\Eloquent\Collection<int, \Soyhuce\NextIdeHelper\Tests\Fixtures\User> findMany($id, array $columns = ['*'])
     * @method \Illuminate\Database\Eloquent\Collection<int, \Soyhuce\NextIdeHelper\Tests\Fixtures\User>|\Soyhuce\NextIdeHelper\Tests\Fixtures\User findOrFail($id, array $columns = ['*'])
     * @method \Soyhuce\NextIdeHelper\Tests\Fixtures\User findOrNew($id, array $columns = ['*'])
     * @method \Soyhuce\NextIdeHelper\Tests\Fixtures\User|null first(array|string $columns = ['*'])
     * @method \Soyhuce\NextIdeHelper\Tests\Fixtures\User firstOrCreate(array $attributes, array $values = [])
     * @method \Soyhuce\NextIdeHelper\Tests\Fixtures\User firstOrFail(array $columns = ['*'])
     * @method \Soyhuce\NextIdeHelper\Tests\Fixtures\User firstOrNew(array $attributes = [], array $values = [])
     * @method \Soyhuce\NextIdeHelper\Tests\Fixtures\User forceCreate(array $attributes = [])
     * @method \Illuminate\Database\Eloquent\Collection<int, \Soyhuce\NextIdeHelper\Tests\Fixtures\User> get(array|string $columns = ['*'])
     * @method \Soyhuce\NextIdeHelper\Tests\Fixtures\User getModel()
     * @method \Illuminate\Database\Eloquent\Collection<int, \Soyhuce\NextIdeHelper\Tests\Fixtures\User> getModels(array|string $columns = ['*'])
     * @method \Soyhuce\NextIdeHelper\Tests\Fixtures\User newModelInstance(array $attributes = [])
     * @method \Soyhuce\NextIdeHelper\Tests\Fixtures\User sole(array|string $columns = ['*'])
     * @method \Soyhuce\NextIdeHelper\Tests\Fixtures\User updateOrCreate(array $attributes, array $values = [])
     * @template TModelClass of \Soyhuce\NextIdeHelper\Tests\Fixtures\User
     * @extends \Illuminate\Database\Eloquent\Builder<TModelClass>
     */
    class __UserQuery extends \Illuminate\Database\Eloquent\Builder
    {
    }
}

namespace IdeHelper\Soyhuce\NextIdeHelper\Tests\Fixtures\Blog\Post
{
    /**
     * @mixin \IdeHelper\Soyhuce\NextIdeHelper\Tests\Fixtures\__CommentQuery
     * @mixin \Illuminate\Database\Eloquent\Relations\MorphMany
     */
    class __Comments
    {
    }

    /**
     * @mixin \IdeHelper\Soyhuce\NextIdeHelper\Tests\Fixtures\__UserQuery
     * @mixin \Illuminate\Database\Eloquent\Relations\BelongsTo
     */
    class __User
    {
    }
}

namespace IdeHelper\Soyhuce\NextIdeHelper\Tests\Fixtures\User
{
    /**
     * @mixin \Soyhuce\NextIdeHelper\Tests\Fixtures\Blog\PostQuery
     * @mixin \Illuminate\Database\Eloquent\Relations\HasMany
     */
    class __LaravelPosts
    {
    }

    /**
     * @mixin \Soyhuce\NextIdeHelper\Tests\Fixtures\Blog\PostQuery
     * @mixin \Illuminate\Database\Eloquent\Relations\HasOne
     */
    class __LatestPost
    {
    }

    /**
     * @mixin \Soyhuce\NextIdeHelper\Tests\Fixtures\Blog\PostQuery
     * @mixin \Illuminate\Database\Eloquent\Relations\HasMany
     */
    class __Posts
    {
    }
}

namespace Soyhuce\NextIdeHelper\Tests\Fixtures
{
    /**
     * @method static \IdeHelper\Soyhuce\NextIdeHelper\Tests\Fixtures\__CommentQuery query()
     * @mixin \IdeHelper\Soyhuce\NextIdeHelper\Tests\Fixtures\__CommentQuery
     */
    class Comment
    {
        public function __construct(array $attributes = [])
        {
        }
    }

    /**
     * @method static \IdeHelper\Soyhuce\NextIdeHelper\Tests\Fixtures\__UserQuery query()
     * @mixin \IdeHelper\Soyhuce\NextIdeHelper\Tests\Fixtures\__UserQuery
     * @method \IdeHelper\Soyhuce\NextIdeHelper\Tests\Fixtures\User\__Posts posts()
     * @method \IdeHelper\Soyhuce\NextIdeHelper\Tests\Fixtures\User\__LatestPost latestPost()
     * @method \IdeHelper\Soyhuce\NextIdeHelper\Tests\Fixtures\User\__LaravelPosts laravelPosts()
     */
    class User
    {
        public function __construct(array $attributes = [])
        {
        }
    }
}

namespace Soyhuce\NextIdeHelper\Tests\Fixtures\Blog
{
    /**
     * @method \IdeHelper\Soyhuce\NextIdeHelper\Tests\Fixtures\Blog\Post\__Comments comments()
     * @method \IdeHelper\Soyhuce\NextIdeHelper\Tests\Fixtures\Blog\Post\__User user()
     */
    class Post
    {
        public function __construct(array $attributes = [])
        {
        }
    }
}
